
> kodrix-ai-landing@1.0.0 build
> vite build

[36mvite v5.4.21 [32mbuilding for production...[36m[39m
transforming...
[32mΓ£ô[39m 396 modules transformed.
rendering chunks...
computing gzip size...
[2mdist/[22m[32mindex.html                 [39m[1m[2m  0.76 kB[22m[1m[22m[2m Γöé gzip:   0.43 kB[22m
[2mdist/[22m[35massets/index-ClTR1eWf.css  [39m[1m[2m 43.93 kB[22m[1m[22m[2m Γöé gzip:   7.60 kB[22m
[2mdist/[22m[36massets/index-LBgPE-x4.js   [39m[1m[2m324.73 kB[22m[1m[22m[2m Γöé gzip: 100.61 kB[22m
[32mΓ£ô built in 2.08s[39m
